// Jest Snapshot v1, https://goo.gl/fbAQLP

exports[`Meeting page snapshot renders 1`] = `
<p>
  Create meeting
</p>
`;
